// Jest Snapshot v1, https://goo.gl/fbAQLP

exports[`IdInput matches snapshot 1`] = `
<View
  style={
    {
      "alignItems": "center",
      "flex": 1,
      "justifyContent": "center",
    }
  }
>
  <TextInput
    autoFocus={true}
    inputMode="numeric"
    maxLength={6}
    onChangeText={[Function]}
    placeholder="123456"
    style={
      {
        "display": "flex",
        "fontSize": 16,
      }
    }
  />
</View>
`;
